// Jest Snapshot v1, https://goo.gl/fbAQLP

exports[`Home page matches snapshot 1`] = `
<div>
  <div
    class="grid h-screen place-items-center bg-blueGray-100 text-blueGray-600"
  >
    <main>
      HomePage
    </main>
  </div>
</div>
`;
