// Jest Snapshot v1, https://goo.gl/fbAQLP

exports[`Dynamic Panel matches snapshot 1`] = `
<div>
  <div
    class=""
  >
    children
  </div>
</div>
`;
